[2026-05-18 00:06:15] [INFO] AUTH_LOGIN_SUCCESS | url=/krystal/api/login.php | ip=::1 | user_id=4 | context={"user_id":4,"role":"admin"}
[2026-05-18 00:42:15] [INFO] AUTH_LOGIN_SUCCESS | url=/krystal/api/login.php | ip=::1 | user_id=4 | context={"user_id":4,"role":"admin"}
[2026-05-18 01:10:27] [INFO] AUTH_LOGIN_SUCCESS | url=/krystal/api/login.php | ip=::1 | user_id=7 | context={"user_id":7,"role":"shift"}
[2026-05-18 02:11:28] [INFO] AUTH_LOGIN_SUCCESS | url=/krystal/api/login.php | ip=::1 | user_id=4 | context={"user_id":4,"role":"admin"}
[2026-05-18 02:24:58] [INFO] AUTH_LOGIN_SUCCESS | url=/krystal/api/login.php | ip=::1 | user_id=4 | context={"user_id":4,"role":"admin"}
[2026-05-18 04:03:01] [INFO] AUTH_LOGIN_SUCCESS | url=/krystal/api/login.php | ip=::1 | user_id=4 | context={"user_id":4,"role":"admin"}
[2026-05-18 04:03:06] [ERROR] API_GET_DEPLOYMENT_LOCATIONS_FAILED | url=/krystal/api/deployment-locations.php?status=active | ip=::1 | user_id=4 | context={"exception_class":"PDOException","exception_message":"SQLSTATE[42S02]: Base table or view not found: 1146 Table 'krystal_attendance.deployment_locations' doesn't exist","exception_file":"C:\\xampp\\htdocs\\krystal\\api\\deployment-locations.php","exception_line":50}
[2026-05-18 04:03:06] [ERROR] API_ERROR [500]: Failed to load deployment locations. | url=/krystal/api/deployment-locations.php?status=active | ip=::1 | user_id=4
[2026-05-18 04:03:31] [ERROR] Uncaught exception | url=/krystal/api/deployment-locations.php | ip=::1 | user_id=4 | context={"exception_class":"PDOException","exception_message":"SQLSTATE[42S02]: Base table or view not found: 1146 Table 'krystal_attendance.deployment_locations' doesn't exist","exception_file":"C:\\xampp\\htdocs\\krystal\\api\\deployment-locations.php","exception_line":81}
[2026-05-18 04:03:43] [ERROR] Uncaught exception | url=/krystal/api/deployment-locations.php | ip=::1 | user_id=4 | context={"exception_class":"PDOException","exception_message":"SQLSTATE[42S02]: Base table or view not found: 1146 Table 'krystal_attendance.deployment_locations' doesn't exist","exception_file":"C:\\xampp\\htdocs\\krystal\\api\\deployment-locations.php","exception_line":81}
[2026-05-18 04:04:08] [INFO] AUTH_LOGIN_SUCCESS | url=/krystal/api/login.php | ip=::1 | user_id=4 | context={"user_id":4,"role":"admin"}
[2026-05-18 04:05:05] [INFO] AUTH_LOGIN_SUCCESS | url=/krystal/api/login.php | ip=::1 | user_id=4 | context={"user_id":4,"role":"admin"}
[2026-05-18 04:06:08] [ERROR] API_GET_DEPLOYMENT_LOCATIONS_FAILED | url=/krystal/api/deployment-locations.php?status=active | ip=::1 | user_id=4 | context={"exception_class":"PDOException","exception_message":"SQLSTATE[42S02]: Base table or view not found: 1146 Table 'krystal_attendance.deployment_locations' doesn't exist","exception_file":"C:\\xampp\\htdocs\\krystal\\api\\deployment-locations.php","exception_line":50}
[2026-05-18 04:06:08] [ERROR] API_ERROR [500]: Failed to load deployment locations. | url=/krystal/api/deployment-locations.php?status=active | ip=::1 | user_id=4
[2026-05-18 04:06:40] [ERROR] Uncaught exception | url=/krystal/api/deployment-locations.php | ip=::1 | user_id=4 | context={"exception_class":"PDOException","exception_message":"SQLSTATE[42S02]: Base table or view not found: 1146 Table 'krystal_attendance.deployment_locations' doesn't exist","exception_file":"C:\\xampp\\htdocs\\krystal\\api\\deployment-locations.php","exception_line":81}
[2026-05-18 04:07:04] [ERROR] API_REPORTS_FAILED | url=/krystal/api/reports.php?emp_id=&start_date=2026-05-10&end_date=2026-05-17&location=all&shift=all&status=all | ip=::1 | user_id=4 | context={"exception_class":"PDOException","exception_message":"SQLSTATE[42S22]: Column not found: 1054 Unknown column 'e.deployment_location' in 'field list'","exception_file":"C:\\xampp\\htdocs\\krystal\\api\\reports.php","exception_line":98}
[2026-05-18 04:07:04] [ERROR] API_ERROR [500]: Failed to load reports data. | url=/krystal/api/reports.php?emp_id=&start_date=2026-05-10&end_date=2026-05-17&location=all&shift=all&status=all | ip=::1 | user_id=4
[2026-05-18 04:07:25] [ERROR] API_REPORTS_FAILED | url=/krystal/api/reports.php?emp_id=&start_date=2026-05-10&end_date=2026-05-17&location=all&shift=all&status=all | ip=::1 | user_id=4 | context={"exception_class":"PDOException","exception_message":"SQLSTATE[42S22]: Column not found: 1054 Unknown column 'e.deployment_location' in 'field list'","exception_file":"C:\\xampp\\htdocs\\krystal\\api\\reports.php","exception_line":98}
[2026-05-18 04:07:25] [ERROR] API_ERROR [500]: Failed to load reports data. | url=/krystal/api/reports.php?emp_id=&start_date=2026-05-10&end_date=2026-05-17&location=all&shift=all&status=all | ip=::1 | user_id=4
[2026-05-18 04:08:00] [ERROR] API_SAVE_ATTENDANCE_FAILED | url=/krystal/api/attendance.php | ip=::1 | user_id=4 | context={"date":"2026-06-04","shift":"night","location":"asset","editId":0,"empCount":2,"exception_class":"PDOException","exception_message":"SQLSTATE[42S22]: Column not found: 1054 Unknown column 'deployment_location' in 'field list'","exception_file":"C:\\xampp\\htdocs\\krystal\\api\\attendance.php","exception_line":219}
[2026-05-18 04:08:00] [ERROR] API_ERROR [500]: Failed to save attendance record. Please try again. | url=/krystal/api/attendance.php | ip=::1 | user_id=4
[2026-05-18 04:09:41] [ERROR] API_SAVE_ATTENDANCE_FAILED | url=/krystal/api/attendance.php | ip=::1 | user_id=4 | context={"date":"2026-05-23","shift":"afternoon","location":"cargo","editId":0,"empCount":6,"exception_class":"PDOException","exception_message":"SQLSTATE[42S22]: Column not found: 1054 Unknown column 'deployment_location' in 'field list'","exception_file":"C:\\xampp\\htdocs\\krystal\\api\\attendance.php","exception_line":219}
[2026-05-18 04:09:41] [ERROR] API_ERROR [500]: Failed to save attendance record. Please try again. | url=/krystal/api/attendance.php | ip=::1 | user_id=4
[2026-05-18 04:09:48] [ERROR] API_GET_DEPLOYMENT_LOCATIONS_FAILED | url=/krystal/api/deployment-locations.php?status=active | ip=::1 | user_id=4 | context={"exception_class":"PDOException","exception_message":"SQLSTATE[42S02]: Base table or view not found: 1146 Table 'krystal_attendance.deployment_locations' doesn't exist","exception_file":"C:\\xampp\\htdocs\\krystal\\api\\deployment-locations.php","exception_line":50}
[2026-05-18 04:09:48] [ERROR] API_ERROR [500]: Failed to load deployment locations. | url=/krystal/api/deployment-locations.php?status=active | ip=::1 | user_id=4
[2026-05-18 04:27:06] [INFO] AUTH_LOGIN_SUCCESS | url=/krystal/api/login.php | ip=::1 | user_id=4 | context={"user_id":4,"role":"admin"}
[2026-05-18 04:27:27] [ERROR] API_SAVE_ATTENDANCE_FAILED | url=/krystal/api/attendance.php | ip=::1 | user_id=4 | context={"date":"2026-05-17","shift":"afternoon","location":"landside","editId":0,"empCount":3,"exception_class":"PDOException","exception_message":"SQLSTATE[42S22]: Column not found: 1054 Unknown column 'deployment_location' in 'field list'","exception_file":"C:\\xampp\\htdocs\\krystal\\api\\attendance.php","exception_line":219}
[2026-05-18 04:27:27] [ERROR] API_ERROR [500]: Failed to save attendance record. Please try again. | url=/krystal/api/attendance.php | ip=::1 | user_id=4
[2026-05-18 04:27:36] [ERROR] API_SAVE_ATTENDANCE_FAILED | url=/krystal/api/attendance.php | ip=::1 | user_id=4 | context={"date":"2026-05-17","shift":"afternoon","location":"landside","editId":0,"empCount":3,"exception_class":"PDOException","exception_message":"SQLSTATE[42S22]: Column not found: 1054 Unknown column 'deployment_location' in 'field list'","exception_file":"C:\\xampp\\htdocs\\krystal\\api\\attendance.php","exception_line":219}
[2026-05-18 04:27:36] [ERROR] API_ERROR [500]: Failed to save attendance record. Please try again. | url=/krystal/api/attendance.php | ip=::1 | user_id=4
[2026-05-18 04:29:43] [ERROR] API_SAVE_ATTENDANCE_FAILED | url=/krystal/api/attendance.php | ip=::1 | user_id=4 | context={"date":"2026-05-17","shift":"afternoon","location":"landside","editId":0,"empCount":3,"exception_class":"PDOException","exception_message":"SQLSTATE[42S22]: Column not found: 1054 Unknown column 'deployment_location' in 'field list'","exception_file":"C:\\xampp\\htdocs\\krystal\\api\\attendance.php","exception_line":219}
[2026-05-18 04:29:43] [ERROR] API_ERROR [500]: Failed to save attendance record. Please try again. | url=/krystal/api/attendance.php | ip=::1 | user_id=4
[2026-05-18 04:30:34] [ERROR] API_GET_DEPLOYMENT_LOCATIONS_FAILED | url=/krystal/api/deployment-locations.php?status=active | ip=::1 | user_id=4 | context={"exception_class":"PDOException","exception_message":"SQLSTATE[42S02]: Base table or view not found: 1146 Table 'krystal_attendance.deployment_locations' doesn't exist","exception_file":"C:\\xampp\\htdocs\\krystal\\api\\deployment-locations.php","exception_line":50}
[2026-05-18 04:30:34] [ERROR] API_ERROR [500]: Failed to load deployment locations. | url=/krystal/api/deployment-locations.php?status=active | ip=::1 | user_id=4
[2026-05-18 04:30:47] [ERROR] API_GET_DEPLOYMENT_LOCATIONS_FAILED | url=/krystal/api/deployment-locations.php?status=active | ip=::1 | user_id=4 | context={"exception_class":"PDOException","exception_message":"SQLSTATE[42S02]: Base table or view not found: 1146 Table 'krystal_attendance.deployment_locations' doesn't exist","exception_file":"C:\\xampp\\htdocs\\krystal\\api\\deployment-locations.php","exception_line":50}
[2026-05-18 04:30:47] [ERROR] API_ERROR [500]: Failed to load deployment locations. | url=/krystal/api/deployment-locations.php?status=active | ip=::1 | user_id=4
[2026-05-18 04:30:59] [ERROR] API_GET_DEPLOYMENT_LOCATIONS_FAILED | url=/krystal/api/deployment-locations.php?search=he&status=active&limit=10 | ip=::1 | user_id=4 | context={"exception_class":"PDOException","exception_message":"SQLSTATE[42S02]: Base table or view not found: 1146 Table 'krystal_attendance.deployment_locations' doesn't exist","exception_file":"C:\\xampp\\htdocs\\krystal\\api\\deployment-locations.php","exception_line":50}
[2026-05-18 04:30:59] [ERROR] API_ERROR [500]: Failed to load deployment locations. | url=/krystal/api/deployment-locations.php?search=he&status=active&limit=10 | ip=::1 | user_id=4
[2026-05-18 04:31:02] [ERROR] API_GET_DEPLOYMENT_LOCATIONS_FAILED | url=/krystal/api/deployment-locations.php?search=de&status=active&limit=10 | ip=::1 | user_id=4 | context={"exception_class":"PDOException","exception_message":"SQLSTATE[42S02]: Base table or view not found: 1146 Table 'krystal_attendance.deployment_locations' doesn't exist","exception_file":"C:\\xampp\\htdocs\\krystal\\api\\deployment-locations.php","exception_line":50}
[2026-05-18 04:31:02] [ERROR] API_ERROR [500]: Failed to load deployment locations. | url=/krystal/api/deployment-locations.php?search=de&status=active&limit=10 | ip=::1 | user_id=4
[2026-05-18 04:31:55] [ERROR] API_SAVE_ATTENDANCE_FAILED | url=/krystal/api/attendance.php | ip=::1 | user_id=4 | context={"date":"2026-05-17","shift":"afternoon","location":"landside","editId":0,"empCount":3,"exception_class":"PDOException","exception_message":"SQLSTATE[42S22]: Column not found: 1054 Unknown column 'deployment_location' in 'field list'","exception_file":"C:\\xampp\\htdocs\\krystal\\api\\attendance.php","exception_line":219}
[2026-05-18 04:31:55] [ERROR] API_ERROR [500]: Failed to save attendance record. Please try again. | url=/krystal/api/attendance.php | ip=::1 | user_id=4
[2026-05-18 04:33:48] [ERROR] API_SAVE_ATTENDANCE_FAILED | url=/krystal/api/attendance.php | ip=::1 | user_id=4 | context={"date":"2026-05-17","shift":"morning","location":"landside","editId":0,"empCount":1,"exception_class":"PDOException","exception_message":"SQLSTATE[42S22]: Column not found: 1054 Unknown column 'deployment_location' in 'field list'","exception_file":"C:\\xampp\\htdocs\\krystal\\api\\attendance.php","exception_line":219}
[2026-05-18 04:33:48] [ERROR] API_ERROR [500]: Failed to save attendance record. Please try again. | url=/krystal/api/attendance.php | ip=::1 | user_id=4
[2026-05-18 04:33:52] [ERROR] API_GET_DEPLOYMENT_LOCATIONS_FAILED | url=/krystal/api/deployment-locations.php?status=active | ip=::1 | user_id=4 | context={"exception_class":"PDOException","exception_message":"SQLSTATE[42S02]: Base table or view not found: 1146 Table 'krystal_attendance.deployment_locations' doesn't exist","exception_file":"C:\\xampp\\htdocs\\krystal\\api\\deployment-locations.php","exception_line":50}
[2026-05-18 04:33:52] [ERROR] API_ERROR [500]: Failed to load deployment locations. | url=/krystal/api/deployment-locations.php?status=active | ip=::1 | user_id=4
[2026-05-18 04:35:36] [ERROR] API_GET_DEPLOYMENT_LOCATIONS_FAILED | url=/krystal/api/deployment-locations.php?status=active | ip=::1 | user_id=4 | context={"exception_class":"PDOException","exception_message":"SQLSTATE[42S02]: Base table or view not found: 1146 Table 'krystal_attendance.deployment_locations' doesn't exist","exception_file":"C:\\xampp\\htdocs\\krystal\\api\\deployment-locations.php","exception_line":50}
[2026-05-18 04:35:36] [ERROR] API_ERROR [500]: Failed to load deployment locations. | url=/krystal/api/deployment-locations.php?status=active | ip=::1 | user_id=4
[2026-05-18 04:35:53] [ERROR] API_REPORTS_FAILED | url=/krystal/api/reports.php?emp_id=&start_date=2026-05-10&end_date=2026-05-17&location=all&shift=all&status=all&deployment_location= | ip=::1 | user_id=4 | context={"exception_class":"PDOException","exception_message":"SQLSTATE[42S22]: Column not found: 1054 Unknown column 'e.deployment_location' in 'field list'","exception_file":"C:\\xampp\\htdocs\\krystal\\api\\reports.php","exception_line":98}
[2026-05-18 04:35:53] [ERROR] API_ERROR [500]: Failed to load reports data. | url=/krystal/api/reports.php?emp_id=&start_date=2026-05-10&end_date=2026-05-17&location=all&shift=all&status=all&deployment_location= | ip=::1 | user_id=4
[2026-05-18 04:35:57] [ERROR] API_GET_DEPLOYMENT_LOCATIONS_FAILED | url=/krystal/api/deployment-locations.php?status=active | ip=::1 | user_id=4 | context={"exception_class":"PDOException","exception_message":"SQLSTATE[42S02]: Base table or view not found: 1146 Table 'krystal_attendance.deployment_locations' doesn't exist","exception_file":"C:\\xampp\\htdocs\\krystal\\api\\deployment-locations.php","exception_line":50}
[2026-05-18 04:35:57] [ERROR] API_ERROR [500]: Failed to load deployment locations. | url=/krystal/api/deployment-locations.php?status=active | ip=::1 | user_id=4
[2026-05-18 04:36:05] [ERROR] API_GET_DEPLOYMENT_LOCATIONS_FAILED | url=/krystal/api/deployment-locations.php?search=De&status=active | ip=::1 | user_id=4 | context={"exception_class":"PDOException","exception_message":"SQLSTATE[42S02]: Base table or view not found: 1146 Table 'krystal_attendance.deployment_locations' doesn't exist","exception_file":"C:\\xampp\\htdocs\\krystal\\api\\deployment-locations.php","exception_line":50}
[2026-05-18 04:36:05] [ERROR] API_ERROR [500]: Failed to load deployment locations. | url=/krystal/api/deployment-locations.php?search=De&status=active | ip=::1 | user_id=4
[2026-05-18 04:36:13] [ERROR] API_GET_DEPLOYMENT_LOCATIONS_FAILED | url=/krystal/api/deployment-locations.php?search=Departure&status=active | ip=::1 | user_id=4 | context={"exception_class":"PDOException","exception_message":"SQLSTATE[42S02]: Base table or view not found: 1146 Table 'krystal_attendance.deployment_locations' doesn't exist","exception_file":"C:\\xampp\\htdocs\\krystal\\api\\deployment-locations.php","exception_line":50}
[2026-05-18 04:36:13] [ERROR] API_ERROR [500]: Failed to load deployment locations. | url=/krystal/api/deployment-locations.php?search=Departure&status=active | ip=::1 | user_id=4
[2026-05-18 04:36:21] [ERROR] API_GET_DEPLOYMENT_LOCATIONS_FAILED | url=/krystal/api/deployment-locations.php?search=Departure&status=active | ip=::1 | user_id=4 | context={"exception_class":"PDOException","exception_message":"SQLSTATE[42S02]: Base table or view not found: 1146 Table 'krystal_attendance.deployment_locations' doesn't exist","exception_file":"C:\\xampp\\htdocs\\krystal\\api\\deployment-locations.php","exception_line":50}
[2026-05-18 04:36:21] [ERROR] API_ERROR [500]: Failed to load deployment locations. | url=/krystal/api/deployment-locations.php?search=Departure&status=active | ip=::1 | user_id=4
[2026-05-18 04:36:34] [ERROR] API_REPORTS_FAILED | url=/krystal/api/reports.php?emp_id=&start_date=2026-05-10&end_date=2026-05-17&location=all&shift=all&status=all&deployment_location= | ip=::1 | user_id=4 | context={"exception_class":"PDOException","exception_message":"SQLSTATE[42S22]: Column not found: 1054 Unknown column 'e.deployment_location' in 'field list'","exception_file":"C:\\xampp\\htdocs\\krystal\\api\\reports.php","exception_line":98}
[2026-05-18 04:36:34] [ERROR] API_ERROR [500]: Failed to load reports data. | url=/krystal/api/reports.php?emp_id=&start_date=2026-05-10&end_date=2026-05-17&location=all&shift=all&status=all&deployment_location= | ip=::1 | user_id=4
[2026-05-18 04:37:10] [ERROR] API_REPORTS_FAILED | url=/krystal/api/reports.php?emp_id=&start_date=2026-05-10&end_date=2026-05-17&location=all&shift=all&status=all&deployment_location= | ip=::1 | user_id=4 | context={"exception_class":"PDOException","exception_message":"SQLSTATE[42S22]: Column not found: 1054 Unknown column 'e.deployment_location' in 'field list'","exception_file":"C:\\xampp\\htdocs\\krystal\\api\\reports.php","exception_line":98}
[2026-05-18 04:37:10] [ERROR] API_ERROR [500]: Failed to load reports data. | url=/krystal/api/reports.php?emp_id=&start_date=2026-05-10&end_date=2026-05-17&location=all&shift=all&status=all&deployment_location= | ip=::1 | user_id=4
[2026-05-18 04:38:04] [ERROR] API_REPORTS_FAILED | url=/krystal/api/reports.php?emp_id=&start_date=2026-05-10&end_date=2026-05-17&location=all&shift=all&status=all&deployment_location= | ip=::1 | user_id=4 | context={"exception_class":"PDOException","exception_message":"SQLSTATE[42S22]: Column not found: 1054 Unknown column 'e.deployment_location' in 'field list'","exception_file":"C:\\xampp\\htdocs\\krystal\\api\\reports.php","exception_line":98}
[2026-05-18 04:38:04] [ERROR] API_ERROR [500]: Failed to load reports data. | url=/krystal/api/reports.php?emp_id=&start_date=2026-05-10&end_date=2026-05-17&location=all&shift=all&status=all&deployment_location= | ip=::1 | user_id=4
[2026-05-18 04:41:13] [ERROR] API_GET_DEPLOYMENT_LOCATIONS_FAILED | url=/krystal/api/deployment-locations.php?status=active | ip=::1 | user_id=4 | context={"exception_class":"PDOException","exception_message":"SQLSTATE[42S02]: Base table or view not found: 1146 Table 'krystal_attendance.deployment_locations' doesn't exist","exception_file":"C:\\xampp\\htdocs\\krystal\\api\\deployment-locations.php","exception_line":50}
[2026-05-18 04:41:13] [ERROR] API_ERROR [500]: Failed to load deployment locations. | url=/krystal/api/deployment-locations.php?status=active | ip=::1 | user_id=4
[2026-05-18 04:41:33] [ERROR] API_REPORTS_FAILED | url=/krystal/api/reports.php?emp_id=&start_date=2026-05-10&end_date=2026-05-17&location=all&shift=all&status=all&deployment_location= | ip=::1 | user_id=4 | context={"exception_class":"PDOException","exception_message":"SQLSTATE[42S22]: Column not found: 1054 Unknown column 'e.deployment_location' in 'field list'","exception_file":"C:\\xampp\\htdocs\\krystal\\api\\reports.php","exception_line":98}
[2026-05-18 04:41:33] [ERROR] API_ERROR [500]: Failed to load reports data. | url=/krystal/api/reports.php?emp_id=&start_date=2026-05-10&end_date=2026-05-17&location=all&shift=all&status=all&deployment_location= | ip=::1 | user_id=4
[2026-05-18 04:52:10] [WARNING] API_WARN [401]: Unauthorized | url=- | ip=- | user_id=-
[2026-05-18 05:11:33] [INFO] AUTH_LOGIN_SUCCESS | url=/krystal/api/login.php | ip=::1 | user_id=13 | context={"user_id":13,"role":"shift"}
[2026-05-18 05:16:54] [INFO] AUTH_LOGIN_SUCCESS | url=/krystal/api/login.php | ip=::1 | user_id=7 | context={"user_id":7,"role":"shift"}
[2026-05-18 05:21:05] [INFO] AUTH_LOGIN_SUCCESS | url=/krystal/api/login.php | ip=::1 | user_id=11 | context={"user_id":11,"role":"shift"}
[2026-05-18 05:22:45] [INFO] AUTH_LOGIN_SUCCESS | url=/krystal/api/login.php | ip=::1 | user_id=4 | context={"user_id":4,"role":"admin"}
[2026-05-18 05:23:25] [INFO] RECORD_DELETED | url=/krystal/api/attendance.php | ip=::1 | user_id=4 | context={"record_id":26,"deleted_by_user":4}
[2026-05-18 05:23:29] [INFO] RECORD_DELETED | url=/krystal/api/attendance.php | ip=::1 | user_id=4 | context={"record_id":27,"deleted_by_user":4}
[2026-05-18 05:24:15] [INFO] AUTH_LOGIN_SUCCESS | url=/krystal/api/login.php | ip=::1 | user_id=5 | context={"user_id":5,"role":"shift"}
[2026-05-18 05:44:09] [INFO] AUTH_LOGIN_SUCCESS | url=/krystal/api/login.php | ip=::1 | user_id=5 | context={"user_id":5,"role":"shift"}
[2026-05-18 05:47:57] [INFO] AUTH_LOGIN_SUCCESS | url=/krystal/api/login.php | ip=::1 | user_id=4 | context={"user_id":4,"role":"admin"}
[2026-05-18 06:32:04] [INFO] AUTH_LOGIN_SUCCESS | url=/krystal/api/login.php | ip=::1 | user_id=4 | context={"user_id":4,"role":"admin"}
[2026-05-18 06:51:31] [INFO] AUTH_LOGIN_SUCCESS | url=/krystal/api/login.php | ip=::1 | user_id=11 | context={"user_id":11,"role":"shift"}
[2026-05-18 07:32:07] [INFO] AUTH_LOGIN_SUCCESS | url=/krystal/api/login.php | ip=::1 | user_id=11 | context={"user_id":11,"role":"shift"}
[2026-05-18 07:55:34] [INFO] AUTH_LOGIN_SUCCESS | url=/krystal/api/login.php | ip=::1 | user_id=4 | context={"user_id":4,"role":"admin"}
[2026-05-18 07:58:23] [INFO] AUTH_LOGIN_SUCCESS | url=/krystal/api/login.php | ip=::1 | user_id=11 | context={"user_id":11,"role":"shift"}
[2026-05-18 07:59:24] [INFO] AUTH_LOGIN_SUCCESS | url=/krystal/api/login.php | ip=::1 | user_id=4 | context={"user_id":4,"role":"admin"}
[2026-05-18 08:14:42] [INFO] AUTH_LOGIN_SUCCESS | url=/krystal/api/login.php | ip=::1 | user_id=11 | context={"user_id":11,"role":"shift"}
[2026-05-18 08:51:26] [INFO] AUTH_LOGIN_SUCCESS | url=/krystal/api/login.php | ip=::1 | user_id=4 | context={"user_id":4,"role":"admin"}
[2026-05-18 09:13:51] [INFO] AUTH_LOGIN_SUCCESS | url=/krystal/api/login.php | ip=::1 | user_id=11 | context={"user_id":11,"role":"shift"}
[2026-05-18 09:14:51] [INFO] AUTH_LOGIN_SUCCESS | url=/krystal/api/login.php | ip=::1 | user_id=10 | context={"user_id":10,"role":"shift"}
[2026-05-18 09:16:30] [WARNING] AUTH_FAILURE: Invalid credentials | url=/krystal/api/login.php | ip=::1 | user_id=- | context={"username":"admin.krystal"}
[2026-05-18 09:16:30] [WARNING] API_WARN [400]: Invalid username or password. Please try again. | url=/krystal/api/login.php | ip=::1 | user_id=-
[2026-05-18 09:16:42] [INFO] AUTH_LOGIN_SUCCESS | url=/krystal/api/login.php | ip=::1 | user_id=4 | context={"user_id":4,"role":"admin"}
